[backblue.gif]
[fade.gif]
[index.html]
[cdn.jsdelivr.net/npm/bootstrap@5.0.2/dist/css/bootstrap.min.css]
[elito-next.netlify.app/favicon.ico]
[elito-next.netlify.app/_next/static/css/e7387303501936b20b23.css]
[elito-next.netlify.app/_next/static/css/48b222bebdb349165b8b.css]
[elito-next.netlify.app/_next/static/css/85aa2e918b31cf4211b0.css]
[elito-next.netlify.app/_next/static/chunks/main-9fd3a8eba2fbf5451844.js]
[elito-next.netlify.app/_next/static/chunks/webpack-50bee04d1dc61f8adf5b.js]
[elito-next.netlify.app/_next/static/chunks/framework.e517df81bfe1ace171f1.js]
[elito-next.netlify.app/_next/static/chunks/ac3d098b.ddce25b62cf34b951439.js]
[elito-next.netlify.app/_next/static/chunks/90a5d2efdeb6cf3956e8496db769e2d021f2029b.5e68d08df27a33331e2a.js]
[elito-next.netlify.app/_next/static/chunks/pages/_app-72695c4cab5bdd05315d.js]
[elito-next.netlify.app/_next/static/chunks/7184a3f9.3e2d7ba8408727923e14.js]
[elito-next.netlify.app/_next/static/chunks/fd4f896653e333a345644216faa4ab3bb2dde0e1.7af957812e9eb70e395c.js]
[elito-next.netlify.app/_next/static/chunks/b71b324f356c7f3ec2d8300f8de2d02f6c65e1bd.945d4b5b2beea2c49fad.js]
[elito-next.netlify.app/_next/static/chunks/f3f26b649c69eae45c4c7ff489dcc861dd0f079f.650877c8fab71b44231a.js]
[elito-next.netlify.app/_next/static/chunks/pages/index-e201280584e55c5c85f5.js]
[elito-next.netlify.app/images/logo.png]
[elito-next.netlify.app/home2.html]
[elito-next.netlify.app/home3.html]
[elito-next.netlify.app/images/cv.jpg]
[elito-next.netlify.app/images/slider/1.jpg]
[elito-next.netlify.app/images/icon/photoshop.svg]
[elito-next.netlify.app/images/icon/illustrator.svg]
[elito-next.netlify.app/images/icon/diamond.svg]
[elito-next.netlify.app/images/slider/line-1.png]
[elito-next.netlify.app/images/slider/line-2.png]
[elito-next.netlify.app/images/about/shape1.png]
[elito-next.netlify.app/images/about/shape2.png]
[elito-next.netlify.app/images/work/1.png]
[elito-next.netlify.app/images/work/2.png]
[elito-next.netlify.app/images/work/3.png]
[elito-next.netlify.app/images/work/4.png]
[elito-next.netlify.app/images/project/img-2.jpg]
[elito-next.netlify.app/images/project/img-3.jpg]
[elito-next.netlify.app/images/project/img-1.jpg]
[elito-next.netlify.app/images/project/line-1.png]
[elito-next.netlify.app/images/project/line-2.png]
[elito-next.netlify.app/images/testimonial/img-1.jpg]
[elito-next.netlify.app/images/testimonial/img-2.jpg]
[elito-next.netlify.app/images/testimonial/img-3.jpg]
[elito-next.netlify.app/images/testimonial/img-4.jpg]
[elito-next.netlify.app/images/testimonial/img-5.jpg]
[elito-next.netlify.app/images/testimonial/img-6.jpg]
[elito-next.netlify.app/images/testimonial/shape.png]
[elito-next.netlify.app/images/blog/img-2.jpg]
[elito-next.netlify.app/images/blog/img-3.jpg]
[elito-next.netlify.app/images/blog/img-1.jpg]
[elito-next.netlify.app/_next/static/chunks/polyfills-b7b042dafc30d210a3d4.js]
[elito-next.netlify.app/_next/static/build/_buildManifest.js]
[elito-next.netlify.app/_next/static/build/_ssgManifest.js]
[elito-next.netlify.app/index.html]
[cdn.jsdelivr.net/npm/bootstrap@5.0.2/dist/css/bootstrap.min.css]
[elito-next.netlify.app/_next/static/css/e7387303501936b20b23.css]
[elito-next.netlify.app/_next/static/media/fontawesome-webfont.09b9015b1ecaf95655b11efd67d00e1f.eot]
[elito-next.netlify.app/_next/static/media/fontawesome-webfont.09b9015b1ecaf95655b11efd67d00e1fd41d.eot]
[elito-next.netlify.app/_next/static/media/fontawesome-webfont.0317d582b93c20f68e059e389aecab33.woff2]
[elito-next.netlify.app/_next/static/media/fontawesome-webfont.f7f1738ca345185e01856ac55885b089.woff]
[elito-next.netlify.app/_next/static/media/fontawesome-webfont.f0af1680f082547a7aae4af9d841d693.ttf]
[elito-next.netlify.app/_next/static/media/fontawesome-webfont.ed6298903ae1554c7f3e1a668c39fdcc.svg]
[elito-next.netlify.app/_next/static/media/themify.9bad94440d49256265a5b2305ec42d63.eot]
[elito-next.netlify.app/_next/static/media/themify.9bad94440d49256265a5b2305ec42d63d41d.eot]
[elito-next.netlify.app/_next/static/media/themify.29b39089170885ae29671a8c66d85a9f.woff]
[elito-next.netlify.app/_next/static/media/themify.eda8b94308c6f538f04a8056ed761a57.ttf]
[elito-next.netlify.app/_next/static/media/themify.f0fc8c798eac5636249c4ea287832422.svg]
[elito-next.netlify.app/_next/static/media/flaticon.71631699cc9abe9e4543c9b598ffd75d.ttf]
[elito-next.netlify.app/_next/static/media/flaticon.6be5fe91c54e76a807dc83eba92e633f.woff]
[elito-next.netlify.app/_next/static/media/flaticon.0816bd254ac516e76fc9f225fad8cfa2.woff2]
[elito-next.netlify.app/_next/static/media/flaticon.92144a87aed5cab518f919335d545aa0.eot]
[elito-next.netlify.app/_next/static/css/48b222bebdb349165b8b.css]
[elito-next.netlify.app/_next/static/media/flaticon.7e0af01de0a5fa0e7a64724e434f4a36.svg]
[elito-next.netlify.app/_next/static/media/ajax-loader.fb6f3c230cb846e25247dfaa1da94d8f.gif]
[elito-next.netlify.app/_next/static/media/slick.a4e97f5a2a64f0ab132323fbeb33ae29.eot]
[elito-next.netlify.app/_next/static/media/slick.a4e97f5a2a64f0ab132323fbeb33ae29d41d.eot]
[elito-next.netlify.app/_next/static/media/slick.295183786cd8a138986521d9f388a286.woff]
[elito-next.netlify.app/_next/static/media/slick.c94f7671dcc99dce43e22a89f486f7c2.ttf]
[elito-next.netlify.app/_next/static/css/85aa2e918b31cf4211b0.css]
[elito-next.netlify.app/_next/static/media/slick.2630a3e3eab21c607e21576571b95b9d.svg]
[elito-next.netlify.app/_next/static/chunks/pages/home2-026f8c45dc6c62e6f5a7.js]
[elito-next.netlify.app/images/slider/slide-1.jpg]
[elito-next.netlify.app/images/slider/slide-2.jpg]
[elito-next.netlify.app/images/about.jpg]
[elito-next.netlify.app/home2.html]
[elito-next.netlify.app/_next/static/chunks/pages/home3-93bbdc3810c43f804fa2.js]
[elito-next.netlify.app/images/slider/slide-3.jpg]
[elito-next.netlify.app/images/about2.jpg]
[elito-next.netlify.app/home3.html]
[elito-next.netlify.app/images/icon/photoshop.svg]
[elito-next.netlify.app/images/icon/illustrator.svg]
[elito-next.netlify.app/images/icon/diamond.svg]
[elito-next.netlify.app/_next/static/media/fontawesome-webfont.ed6298903ae1554c7f3e1a668c39fdcc.svg]
[elito-next.netlify.app/_next/static/media/themify.f0fc8c798eac5636249c4ea287832422.svg]
[elito-next.netlify.app/_next/static/media/flaticon.7e0af01de0a5fa0e7a64724e434f4a36.svg]
[elito-next.netlify.app/_next/static/media/slick.2630a3e3eab21c607e21576571b95b9d.svg]
